#-----------------------------------------------------------
# Vivado v2024.2.1 (64-bit)
# SW Build 5266912 on Sun Dec 15 09:03:31 MST 2024
# IP Build 5264866 on Sun Dec 15 16:27:47 MST 2024
# SharedData Build 5264680 on Wed Dec 11 12:48:36 MST 2024
# Start of session at: Sat Feb  8 20:34:37 2025
# Process ID         : 179244
# Current directory  : /home/omar/Documents/year-4/FYP/mudkip/vivado/mudkip.runs/fp_add_s_synth_1
# Command line       : vivado -log fp_add_s.vds -product Vivado -mode batch -messageDb vivado.pb -notrace -source fp_add_s.tcl
# Log file           : /home/omar/Documents/year-4/FYP/mudkip/vivado/mudkip.runs/fp_add_s_synth_1/fp_add_s.vds
# Journal file       : /home/omar/Documents/year-4/FYP/mudkip/vivado/mudkip.runs/fp_add_s_synth_1/vivado.jou
# Running On         : omar-Dell-G15-5515
# Platform           : Ubuntu
# Operating System   : Ubuntu 24.04.1 LTS
# Processor Detail   : AMD Ryzen 7 5800H with Radeon Graphics
# CPU Frequency      : 3306.832 MHz
# CPU Physical cores : 8
# CPU Logical cores  : 16
# Host memory        : 32964 MB
# Swap memory        : 0 MB
# Total Virtual      : 32964 MB
# Available Virtual  : 22090 MB
#-----------------------------------------------------------
source fp_add_s.tcl -notrace
