#-----------------------------------------------------------
# Vivado v2024.1 (64-bit)
# SW Build 5076996 on Wed May 22 18:36:09 MDT 2024
# IP Build 5075265 on Wed May 22 21:45:21 MDT 2024
# SharedData Build 5076995 on Wed May 22 18:29:18 MDT 2024
# Start of session at: Wed May  7 22:03:16 2025
# Process ID: 2352771
# Current directory: /home/oa321/work/mudkip/vivado/ws/cupdlp_krnl_vadd/krnl_vadd/hls/impl/ip
# Command line: vivado -notrace -mode batch -source run_ippack.tcl
# Log file: /home/oa321/work/mudkip/vivado/ws/cupdlp_krnl_vadd/krnl_vadd/hls/impl/ip/vivado.log
# Journal file: /home/oa321/work/mudkip/vivado/ws/cupdlp_krnl_vadd/krnl_vadd/hls/impl/ip/vivado.jou
# Running On        :gambhir
# Platform          :Ubuntu
# Operating System  :Ubuntu 22.04.5 LTS
# Processor Detail  :AMD Ryzen 9 9950X 16-Core Processor
# CPU Frequency     :5676.391 MHz
# CPU Physical cores:16
# CPU Logical cores :32
# Host memory       :64831 MB
# Swap memory       :2147 MB
# Total Virtual     :66979 MB
# Available Virtual :55757 MB
#-----------------------------------------------------------
source run_ippack.tcl -notrace
